% This is map file for dvips/dvipdfm[x] and LaTeX CJK package.
% Created by Edward G.J. Lee <edt1023@info.sayya.org>
% Thu Mar 22 00:29:31 CST 2007
%
nkaiu00 nkaiu00 <nkaiu00.pfb
nkaiu01 nkaiu01 <nkaiu01.pfb
nkaiu02 nkaiu02 <nkaiu02.pfb
nkaiu03 nkaiu03 <nkaiu03.pfb
nkaiu04 nkaiu04 <nkaiu04.pfb
nkaiu20 nkaiu20 <nkaiu20.pfb
nkaiu21 nkaiu21 <nkaiu21.pfb
nkaiu22 nkaiu22 <nkaiu22.pfb
nkaiu23 nkaiu23 <nkaiu23.pfb
nkaiu24 nkaiu24 <nkaiu24.pfb
nkaiu25 nkaiu25 <nkaiu25.pfb
nkaiu26 nkaiu26 <nkaiu26.pfb
nkaiu27 nkaiu27 <nkaiu27.pfb
nkaiu2e nkaiu2e <nkaiu2e.pfb
nkaiu2f nkaiu2f <nkaiu2f.pfb
nkaiu30 nkaiu30 <nkaiu30.pfb
nkaiu31 nkaiu31 <nkaiu31.pfb
nkaiu32 nkaiu32 <nkaiu32.pfb
nkaiu33 nkaiu33 <nkaiu33.pfb
nkaiu34 nkaiu34 <nkaiu34.pfb
nkaiu48 nkaiu48 <nkaiu48.pfb
nkaiu4d nkaiu4d <nkaiu4d.pfb
nkaiu4e nkaiu4e <nkaiu4e.pfb
nkaiu4f nkaiu4f <nkaiu4f.pfb
nkaiu50 nkaiu50 <nkaiu50.pfb
nkaiu51 nkaiu51 <nkaiu51.pfb
nkaiu52 nkaiu52 <nkaiu52.pfb
nkaiu53 nkaiu53 <nkaiu53.pfb
nkaiu54 nkaiu54 <nkaiu54.pfb
nkaiu55 nkaiu55 <nkaiu55.pfb
nkaiu56 nkaiu56 <nkaiu56.pfb
nkaiu57 nkaiu57 <nkaiu57.pfb
nkaiu58 nkaiu58 <nkaiu58.pfb
nkaiu59 nkaiu59 <nkaiu59.pfb
nkaiu5a nkaiu5a <nkaiu5a.pfb
nkaiu5b nkaiu5b <nkaiu5b.pfb
nkaiu5c nkaiu5c <nkaiu5c.pfb
nkaiu5d nkaiu5d <nkaiu5d.pfb
nkaiu5e nkaiu5e <nkaiu5e.pfb
nkaiu5f nkaiu5f <nkaiu5f.pfb
nkaiu60 nkaiu60 <nkaiu60.pfb
nkaiu61 nkaiu61 <nkaiu61.pfb
nkaiu62 nkaiu62 <nkaiu62.pfb
nkaiu63 nkaiu63 <nkaiu63.pfb
nkaiu64 nkaiu64 <nkaiu64.pfb
nkaiu65 nkaiu65 <nkaiu65.pfb
nkaiu66 nkaiu66 <nkaiu66.pfb
nkaiu67 nkaiu67 <nkaiu67.pfb
nkaiu68 nkaiu68 <nkaiu68.pfb
nkaiu69 nkaiu69 <nkaiu69.pfb
nkaiu6a nkaiu6a <nkaiu6a.pfb
nkaiu6b nkaiu6b <nkaiu6b.pfb
nkaiu6c nkaiu6c <nkaiu6c.pfb
nkaiu6d nkaiu6d <nkaiu6d.pfb
nkaiu6e nkaiu6e <nkaiu6e.pfb
nkaiu6f nkaiu6f <nkaiu6f.pfb
nkaiu70 nkaiu70 <nkaiu70.pfb
nkaiu71 nkaiu71 <nkaiu71.pfb
nkaiu72 nkaiu72 <nkaiu72.pfb
nkaiu73 nkaiu73 <nkaiu73.pfb
nkaiu74 nkaiu74 <nkaiu74.pfb
nkaiu75 nkaiu75 <nkaiu75.pfb
nkaiu76 nkaiu76 <nkaiu76.pfb
nkaiu77 nkaiu77 <nkaiu77.pfb
nkaiu78 nkaiu78 <nkaiu78.pfb
nkaiu79 nkaiu79 <nkaiu79.pfb
nkaiu7a nkaiu7a <nkaiu7a.pfb
nkaiu7b nkaiu7b <nkaiu7b.pfb
nkaiu7c nkaiu7c <nkaiu7c.pfb
nkaiu7d nkaiu7d <nkaiu7d.pfb
nkaiu7e nkaiu7e <nkaiu7e.pfb
nkaiu7f nkaiu7f <nkaiu7f.pfb
nkaiu80 nkaiu80 <nkaiu80.pfb
nkaiu81 nkaiu81 <nkaiu81.pfb
nkaiu82 nkaiu82 <nkaiu82.pfb
nkaiu83 nkaiu83 <nkaiu83.pfb
nkaiu84 nkaiu84 <nkaiu84.pfb
nkaiu85 nkaiu85 <nkaiu85.pfb
nkaiu86 nkaiu86 <nkaiu86.pfb
nkaiu87 nkaiu87 <nkaiu87.pfb
nkaiu88 nkaiu88 <nkaiu88.pfb
nkaiu89 nkaiu89 <nkaiu89.pfb
nkaiu8a nkaiu8a <nkaiu8a.pfb
nkaiu8b nkaiu8b <nkaiu8b.pfb
nkaiu8c nkaiu8c <nkaiu8c.pfb
nkaiu8d nkaiu8d <nkaiu8d.pfb
nkaiu8e nkaiu8e <nkaiu8e.pfb
nkaiu8f nkaiu8f <nkaiu8f.pfb
nkaiu90 nkaiu90 <nkaiu90.pfb
nkaiu91 nkaiu91 <nkaiu91.pfb
nkaiu92 nkaiu92 <nkaiu92.pfb
nkaiu93 nkaiu93 <nkaiu93.pfb
nkaiu94 nkaiu94 <nkaiu94.pfb
nkaiu95 nkaiu95 <nkaiu95.pfb
nkaiu96 nkaiu96 <nkaiu96.pfb
nkaiu97 nkaiu97 <nkaiu97.pfb
nkaiu98 nkaiu98 <nkaiu98.pfb
nkaiu99 nkaiu99 <nkaiu99.pfb
nkaiu9a nkaiu9a <nkaiu9a.pfb
nkaiu9b nkaiu9b <nkaiu9b.pfb
nkaiu9c nkaiu9c <nkaiu9c.pfb
nkaiu9d nkaiu9d <nkaiu9d.pfb
nkaiu9e nkaiu9e <nkaiu9e.pfb
nkaiu9f nkaiu9f <nkaiu9f.pfb
nkaiuf6 nkaiuf6 <nkaiuf6.pfb
nkaiuf7 nkaiuf7 <nkaiuf7.pfb
nkaiuf8 nkaiuf8 <nkaiuf8.pfb
nkaiuf9 nkaiuf9 <nkaiuf9.pfb
nkaiufa nkaiufa <nkaiufa.pfb
nkaiufe nkaiufe <nkaiufe.pfb
nkaiuff nkaiuff <nkaiuff.pfb
nkaiuv nkaiuv <nkaiuv.pfb
